Ôû▓ Next.js 16.2.2 (Turbopack)
- Environments: .env.local, .env

  Creating an optimized production build ...
Ô£ô Compiled successfully in 6.0s
  Running TypeScript ...
node.exe : Failed to type check.
En línea: 1 Carácter: 1
+ & "D:\/node.exe" 
"D:\/node_modules/npm/bin/npx-cli.js" 
next build
+ ~~~~~~~~~~~~~~~~~~~~~~~~~~~~~~~~~~~~~
~~~~~~~~~~~~~~~~~~~~~~~~~~~~
    + CategoryInfo          : NotSpeci 
   fied: (Failed to type check.:Strin  
  g) [], RemoteException
    + FullyQualifiedErrorId : NativeCo 
   mmandError
 

./src/components/PlayerModal.tsx:34:12
Type error: Property 'catch' does not 
exist on type 
'PostgrestFilterBuilder<any, any, any, 
any, "update_user_progress", null, 
"RPC">'. Did you mean 'match'?

  [90m32 |[0m           p_tmdb_id: 
tmdbId,
  [90m33 |[0m           p_seconds: 
localElapsed
[31m[1m>[0m [90m34 |[0m         
}).[36mcatch[0m(err => 
console.error([32m'Error 
telemetry:'[0m, err));
  [90m   |[0m            
[31m[1m^[0m
  [90m35 |[0m         
  [90m36 |[0m         
lastSavedElapsed = localElapsed;
  [90m37 |[0m       }
Next.js build worker exited with code: 
1 and signal: null
